Archive member included to satisfy reference by file (symbol)

c:/program files (x86)/atmel/studio/7.0/toolchain/arm/arm-gnu-toolchain/bin/../lib/gcc/arm-none-eabi/6.3.1/thumb/v6-m\libgcc.a(_udivsi3.o)
                              hpl/core/hpl_core_m0plus_base.o (__aeabi_uidiv)
c:/program files (x86)/atmel/studio/7.0/toolchain/arm/arm-gnu-toolchain/bin/../lib/gcc/arm-none-eabi/6.3.1/thumb/v6-m\libgcc.a(_divsi3.o)
                              main.o (__aeabi_idivmod)
c:/program files (x86)/atmel/studio/7.0/toolchain/arm/arm-gnu-toolchain/bin/../lib/gcc/arm-none-eabi/6.3.1/thumb/v6-m\libgcc.a(_dvmd_tls.o)
                              c:/program files (x86)/atmel/studio/7.0/toolchain/arm/arm-gnu-toolchain/bin/../lib/gcc/arm-none-eabi/6.3.1/thumb/v6-m\libgcc.a(_udivsi3.o) (__aeabi_idiv0)
c:/program files (x86)/atmel/studio/7.0/toolchain/arm/arm-gnu-toolchain/bin/../lib/gcc/arm-none-eabi/6.3.1/thumb/v6-m\libgcc.a(_arm_cmpdf2.o)
                              BME280/BME280.o (__aeabi_dcmpeq)
c:/program files (x86)/atmel/studio/7.0/toolchain/arm/arm-gnu-toolchain/bin/../lib/gcc/arm-none-eabi/6.3.1/thumb/v6-m\libgcc.a(_aeabi_uldivmod.o)
                              hpl/sercom/hpl_sercom.o (__aeabi_uldivmod)
c:/program files (x86)/atmel/studio/7.0/toolchain/arm/arm-gnu-toolchain/bin/../lib/gcc/arm-none-eabi/6.3.1/thumb/v6-m\libgcc.a(_muldi3.o)
                              hpl/sercom/hpl_sercom.o (__aeabi_lmul)
c:/program files (x86)/atmel/studio/7.0/toolchain/arm/arm-gnu-toolchain/bin/../lib/gcc/arm-none-eabi/6.3.1/thumb/v6-m\libgcc.a(_fixunsdfsi.o)
                              hpl/sercom/hpl_sercom.o (__aeabi_d2uiz)
c:/program files (x86)/atmel/studio/7.0/toolchain/arm/arm-gnu-toolchain/bin/../lib/gcc/arm-none-eabi/6.3.1/thumb/v6-m\libgcc.a(_udivmoddi4.o)
                              c:/program files (x86)/atmel/studio/7.0/toolchain/arm/arm-gnu-toolchain/bin/../lib/gcc/arm-none-eabi/6.3.1/thumb/v6-m\libgcc.a(_aeabi_uldivmod.o) (__udivmoddi4)
c:/program files (x86)/atmel/studio/7.0/toolchain/arm/arm-gnu-toolchain/bin/../lib/gcc/arm-none-eabi/6.3.1/thumb/v6-m\libgcc.a(adddf3.o)
                              BME280/BME280.o (__aeabi_dadd)
c:/program files (x86)/atmel/studio/7.0/toolchain/arm/arm-gnu-toolchain/bin/../lib/gcc/arm-none-eabi/6.3.1/thumb/v6-m\libgcc.a(divdf3.o)
                              BME280/BME280.o (__aeabi_ddiv)
c:/program files (x86)/atmel/studio/7.0/toolchain/arm/arm-gnu-toolchain/bin/../lib/gcc/arm-none-eabi/6.3.1/thumb/v6-m\libgcc.a(eqdf2.o)
                              c:/program files (x86)/atmel/studio/7.0/toolchain/arm/arm-gnu-toolchain/bin/../lib/gcc/arm-none-eabi/6.3.1/thumb/v6-m\libgcc.a(_arm_cmpdf2.o) (__eqdf2)
c:/program files (x86)/atmel/studio/7.0/toolchain/arm/arm-gnu-toolchain/bin/../lib/gcc/arm-none-eabi/6.3.1/thumb/v6-m\libgcc.a(gedf2.o)
                              c:/program files (x86)/atmel/studio/7.0/toolchain/arm/arm-gnu-toolchain/bin/../lib/gcc/arm-none-eabi/6.3.1/thumb/v6-m\libgcc.a(_arm_cmpdf2.o) (__gedf2)
c:/program files (x86)/atmel/studio/7.0/toolchain/arm/arm-gnu-toolchain/bin/../lib/gcc/arm-none-eabi/6.3.1/thumb/v6-m\libgcc.a(ledf2.o)
                              c:/program files (x86)/atmel/studio/7.0/toolchain/arm/arm-gnu-toolchain/bin/../lib/gcc/arm-none-eabi/6.3.1/thumb/v6-m\libgcc.a(_arm_cmpdf2.o) (__ledf2)
c:/program files (x86)/atmel/studio/7.0/toolchain/arm/arm-gnu-toolchain/bin/../lib/gcc/arm-none-eabi/6.3.1/thumb/v6-m\libgcc.a(muldf3.o)
                              BME280/BME280.o (__aeabi_dmul)
c:/program files (x86)/atmel/studio/7.0/toolchain/arm/arm-gnu-toolchain/bin/../lib/gcc/arm-none-eabi/6.3.1/thumb/v6-m\libgcc.a(subdf3.o)
                              BME280/BME280.o (__aeabi_dsub)
c:/program files (x86)/atmel/studio/7.0/toolchain/arm/arm-gnu-toolchain/bin/../lib/gcc/arm-none-eabi/6.3.1/thumb/v6-m\libgcc.a(fixdfsi.o)
                              BME280/BME280.o (__aeabi_d2iz)
c:/program files (x86)/atmel/studio/7.0/toolchain/arm/arm-gnu-toolchain/bin/../lib/gcc/arm-none-eabi/6.3.1/thumb/v6-m\libgcc.a(floatsidf.o)
                              BME280/BME280.o (__aeabi_i2d)
c:/program files (x86)/atmel/studio/7.0/toolchain/arm/arm-gnu-toolchain/bin/../lib/gcc/arm-none-eabi/6.3.1/thumb/v6-m\libgcc.a(floatunsidf.o)
                              BME280/BME280.o (__aeabi_ui2d)
c:/program files (x86)/atmel/studio/7.0/toolchain/arm/arm-gnu-toolchain/bin/../lib/gcc/arm-none-eabi/6.3.1/thumb/v6-m\libgcc.a(_clzsi2.o)
                              c:/program files (x86)/atmel/studio/7.0/toolchain/arm/arm-gnu-toolchain/bin/../lib/gcc/arm-none-eabi/6.3.1/thumb/v6-m\libgcc.a(adddf3.o) (__clzsi2)
c:/program files (x86)/atmel/studio/7.0/toolchain/arm/arm-gnu-toolchain/bin/../lib/gcc/arm-none-eabi/6.3.1/thumb/v6-m\libgcc.a(_clzdi2.o)
                              c:/program files (x86)/atmel/studio/7.0/toolchain/arm/arm-gnu-toolchain/bin/../lib/gcc/arm-none-eabi/6.3.1/thumb/v6-m\libgcc.a(_udivmoddi4.o) (__clzdi2)
[...]
Memory Configuration

Name             Origin             Length             Attributes
rom              0x00000000         0x00040000         xr
ram              0x20000000         0x00008000         xrw
*default*        0x00000000         0xffffffff

Linker script and memory map

LOAD c:/program files (x86)/atmel/studio/7.0/toolchain/arm/arm-gnu-toolchain/bin/../lib/gcc/arm-none-eabi/6.3.1/thumb/v6-m/crti.o
LOAD c:/program files (x86)/atmel/studio/7.0/toolchain/arm/arm-gnu-toolchain/bin/../lib/gcc/arm-none-eabi/6.3.1/thumb/v6-m/crtbegin.o
LOAD c:/program files (x86)/atmel/studio/7.0/toolchain/arm/arm-gnu-toolchain/bin/../lib/gcc/arm-none-eabi/6.3.1/../../../../arm-none-eabi/lib/thumb/v6-m/crt0.o
LOAD atmel_start.o
LOAD BME280/BME280.o
LOAD Device_Startup/startup_samd20.o
LOAD Device_Startup/system_samd20.o
LOAD driver_init.o
LOAD examples/driver_examples.o
LOAD hal/src/hal_atomic.o
LOAD hal/src/hal_delay.o
LOAD hal/src/hal_gpio.o
LOAD hal/src/hal_i2c_m_sync.o
LOAD hal/src/hal_init.o
LOAD hal/src/hal_io.o
LOAD hal/src/hal_sleep.o
LOAD hal/src/hal_usart_sync.o
LOAD hal/utils/src/utils_assert.o
LOAD hal/utils/src/utils_event.o
LOAD hal/utils/src/utils_list.o
LOAD hal/utils/src/utils_syscalls.o
LOAD hpl/core/hpl_core_m0plus_base.o
LOAD hpl/core/hpl_init.o
LOAD hpl/gclk/hpl_gclk.o
LOAD hpl/pm/hpl_pm.o
LOAD hpl/sercom/hpl_sercom.o
LOAD hpl/sysctrl/hpl_sysctrl.o
LOAD hpl/systick/hpl_systick.o
LOAD main.o
START GROUP
LOAD c:/program files (x86)/atmel/studio/7.0/toolchain/arm/arm-gnu-toolchain/bin/../lib/gcc/arm-none-eabi/6.3.1/../../../../arm-none-eabi/lib/thumb/v6-m\libm.a
END GROUP
START GROUP
LOAD c:/program files (x86)/atmel/studio/7.0/toolchain/arm/arm-gnu-toolchain/bin/../lib/gcc/arm-none-eabi/6.3.1/thumb/v6-m\libgcc.a
LOAD c:/program files (x86)/atmel/studio/7.0/toolchain/arm/arm-gnu-toolchain/bin/../lib/gcc/arm-none-eabi/6.3.1/../../../../arm-none-eabi/lib/thumb/v6-m\libc_nano.a
END GROUP
START GROUP
LOAD c:/program files (x86)/atmel/studio/7.0/toolchain/arm/arm-gnu-toolchain/bin/../lib/gcc/arm-none-eabi/6.3.1/thumb/v6-m\libgcc.a
LOAD c:/program files (x86)/atmel/studio/7.0/toolchain/arm/arm-gnu-toolchain/bin/../lib/gcc/arm-none-eabi/6.3.1/../../../../arm-none-eabi/lib/thumb/v6-m\libc_nano.a
END GROUP
LOAD c:/program files (x86)/atmel/studio/7.0/toolchain/arm/arm-gnu-toolchain/bin/../lib/gcc/arm-none-eabi/6.3.1/thumb/v6-m/crtend.o
LOAD c:/program files (x86)/atmel/studio/7.0/toolchain/arm/arm-gnu-toolchain/bin/../lib/gcc/arm-none-eabi/6.3.1/thumb/v6-m/crtn.o
                0x00002000                STACK_SIZE = DEFINED (STACK_SIZE)?STACK_SIZE:DEFINED (__stack_size__)?__stack_size__:0x2000

.text           0x00000000     0x6194
                0x00000000                . = ALIGN (0x4)
                0x00000000                _sfixed = .
 *(.vectors .vectors.*)
 .vectors       0x00000000       0xa4 Device_Startup/startup_samd20.o
                0x00000000                exception_table
 *(.text .text.* .gnu.linkonce.t.*)
 .text          0x000000a4       0x60 c:/program files (x86)/atmel/studio/7.0/toolchain/arm/arm-gnu-toolchain/bin/../lib/gcc/arm-none-eabi/6.3.1/thumb/v6-m/crtbegin.o
 .text.atmel_start_init
                0x00000104       0x14 atmel_start.o
                0x00000104                atmel_start_init
 .text.bmp280_read_register
                0x00000118       0x70 BME280/BME280.o
                0x00000118                bmp280_read_register
 .text.bmp280_write_register
                0x00000188       0x78 BME280/BME280.o
                0x00000188                bmp280_write_register
 .text.bmp280_init
                0x00000200      0x528 BME280/BME280.o
                0x00000200                bmp280_init
 .text.bmp280_reset
                0x00000728       0x24 BME280/BME280.o
                0x00000728                bmp280_reset
 .text.bmp280_compensate_temperature_double
                0x0000074c      0x1a0 BME280/BME280.o
 .text.bmp280_compensate_pressure_double
                0x000008ec      0x338 BME280/BME280.o
 .text.bmp280_get_temperature
                0x00000c24       0x90 BME280/BME280.o
                0x00000c24                bmp280_get_temperature
 .text.bmp280_get_humidity
                0x00000cb4       0x6c BME280/BME280.o
                0x00000cb4                bmp280_get_humidity
 .text.bmp280_get_pressure
                0x00000d20       0x90 BME280/BME280.o
                0x00000d20                bmp280_get_pressure
 .text.bme280_compensate_H_double
                0x00000db0      0x224 BME280/BME280.o
                0x00000db0                bme280_compensate_H_double
 .text.Reset_Handler
                0x00000fd4       0x94 Device_Startup/startup_samd20.o
                0x00000fd4                Reset_Handler
 .text.Dummy_Handler
                0x00001068        0x6 Device_Startup/startup_samd20.o
                0x00001068                SVCall_Handler
                0x00001068                HardFault_Handler
                0x00001068                TC2_Handler
                0x00001068                AC_Handler
                0x00001068                SysTick_Handler
                0x00001068                PendSV_Handler
                0x00001068                SERCOM1_Handler
                0x00001068                ADC_Handler
                0x00001068                NonMaskableInt_Handler
                0x00001068                SERCOM2_Handler
                0x00001068                RTC_Handler
                0x00001068                EIC_Handler
                0x00001068                WDT_Handler
                0x00001068                TC4_Handler
                0x00001068                TC1_Handler
                0x00001068                TC3_Handler
                0x00001068                Dummy_Handler
                0x00001068                PM_Handler
                0x00001068                SERCOM5_Handler
                0x00001068                EVSYS_Handler
                0x00001068                SERCOM3_Handler
                0x00001068                SERCOM4_Handler
                0x00001068                NVMCTRL_Handler
                0x00001068                SERCOM0_Handler
                0x00001068                DAC_Handler
                0x00001068                PTC_Handler
                0x00001068                TC0_Handler
                0x00001068                TC5_Handler
                0x00001068                SYSCTRL_Handler
 .text.hri_gclk_write_CLKCTRL_reg
                0x0000106e       0x1e driver_init.o
 .text.hri_port_set_DIR_reg
                0x0000108c       0x2c driver_init.o
 .text.hri_port_clear_DIR_reg
                0x000010b8       0x2c driver_init.o
 .text.hri_port_set_OUT_reg
                0x000010e4       0x2c driver_init.o
 .text.hri_port_clear_OUT_reg
                0x00001110       0x2c driver_init.o
 .text.hri_port_write_PMUX_PMUXE_bf
                0x0000113c       0x88 driver_init.o
 .text.hri_port_write_PMUX_PMUXO_bf
                0x000011c4       0x86 driver_init.o
 .text.hri_port_write_PINCFG_PMUXEN_bit
                0x0000124a       0x82 driver_init.o
 .text.hri_port_set_PINCFG_PULLEN_bit
                0x000012cc       0x56 driver_init.o
 .text.hri_port_clear_PINCFG_PULLEN_bit
                0x00001322       0x56 driver_init.o
 .text.hri_port_write_WRCONFIG_reg
                0x00001378       0x2c driver_init.o
 .text._gpio_set_direction
                0x000013a4      0x118 driver_init.o
 .text._gpio_set_level
                0x000014bc       0x50 driver_init.o
 .text._gpio_set_pin_pull_mode
                0x0000150c       0xf4 driver_init.o
 .text._gpio_set_pin_function
                0x00001600       0xb4 driver_init.o
 .text.gpio_set_pin_pull_mode
                0x000016b4       0x3c driver_init.o
 .text.gpio_set_pin_function
                0x000016f0       0x24 driver_init.o
 .text.gpio_set_pin_direction
                0x00001714       0x40 driver_init.o
 .text.gpio_set_pin_level
                0x00001754       0x40 driver_init.o
 .text.init_mcu
                0x00001794       0x14 driver_init.o
 .text._gclk_enable_channel
                0x000017a8       0x58 driver_init.o
 .text._pm_get_ahb_index
                0x00001800       0x54 driver_init.o
 .text._pm_get_apbb_index
                0x00001854       0x54 driver_init.o
 .text._pm_enable_bus_clock
                0x000018a8       0xe4 driver_init.o
 .text.I2C_0_PORT_init
                0x0000198c       0x40 driver_init.o
                0x0000198c                I2C_0_PORT_init
 .text.I2C_0_CLOCK_init
                0x000019cc       0x30 driver_init.o
                0x000019cc                I2C_0_CLOCK_init
 .text.I2C_0_init
                0x000019fc       0x34 driver_init.o
                0x000019fc                I2C_0_init
 .text.USART_0_PORT_init
                0x00001a30       0x2c driver_init.o
                0x00001a30                USART_0_PORT_init
 .text.USART_0_CLOCK_init
                0x00001a5c       0x28 driver_init.o
                0x00001a5c                USART_0_CLOCK_init
 .text.USART_0_init
                0x00001a84       0x34 driver_init.o
                0x00001a84                USART_0_init
 .text.delay_driver_init
                0x00001ab8       0x1c driver_init.o
                0x00001ab8                delay_driver_init
 .text.system_init
                0x00001ad4       0x54 driver_init.o
                0x00001ad4                system_init
 .text.delay_init
                0x00001b28       0x28 hal/src/hal_delay.o
                0x00001b28                delay_init
 .text.delay_ms
                0x00001b50       0x38 hal/src/hal_delay.o
                0x00001b50                delay_ms
 .text.i2c_m_sync_read
                0x00001b88       0x68 hal/src/hal_i2c_m_sync.o
 .text.i2c_m_sync_write
                0x00001bf0       0x68 hal/src/hal_i2c_m_sync.o
 .text.i2c_m_sync_init
                0x00001c58       0x60 hal/src/hal_i2c_m_sync.o
                0x00001c58                i2c_m_sync_init
 .text.i2c_m_sync_enable
                0x00001cb8       0x20 hal/src/hal_i2c_m_sync.o
                0x00001cb8                i2c_m_sync_enable
 .text.i2c_m_sync_set_slaveaddr
                0x00001cd8       0x40 hal/src/hal_i2c_m_sync.o
                0x00001cd8                i2c_m_sync_set_slaveaddr
 .text.i2c_m_sync_get_io_descriptor
                0x00001d18       0x1e hal/src/hal_i2c_m_sync.o
                0x00001d18                i2c_m_sync_get_io_descriptor
 *fill*         0x00001d36        0x2 
 .text.io_write
                0x00001d38       0x54 hal/src/hal_io.o
                0x00001d38                io_write
 .text.io_read  0x00001d8c       0x54 hal/src/hal_io.o
                0x00001d8c                io_read
 .text.usart_sync_init
                0x00001de0       0x78 hal/src/hal_usart_sync.o
                0x00001de0                usart_sync_init
 .text.usart_sync_enable
                0x00001e58       0x3c hal/src/hal_usart_sync.o
                0x00001e58                usart_sync_enable
 .text.usart_sync_get_io_descriptor
                0x00001e94       0x48 hal/src/hal_usart_sync.o
                0x00001e94                usart_sync_get_io_descriptor
 .text.usart_sync_write
                0x00001edc       0xd4 hal/src/hal_usart_sync.o
 .text.usart_sync_read
                0x00001fb0       0x9c hal/src/hal_usart_sync.o
 .text.assert   0x0000204c       0x2c hal/utils/src/utils_assert.o
                0x0000204c                assert
 .text._sbrk    0x00002078       0x3c hal/utils/src/utils_syscalls.o
                0x00002078                _sbrk
 .text._get_cycles_for_us_internal
                0x000020b4      0x108 hpl/core/hpl_core_m0plus_base.o
 .text._get_cycles_for_ms_internal
                0x000021bc       0xe8 hpl/core/hpl_core_m0plus_base.o
 .text._get_cycles_for_ms
                0x000022a4       0x2c hpl/core/hpl_core_m0plus_base.o
                0x000022a4                _get_cycles_for_ms
 .text.hri_nvmctrl_set_CTRLB_RWS_bf
                0x000022d0       0x24 hpl/core/hpl_init.o
 .text._init_chip
                0x000022f4       0x40 hpl/core/hpl_init.o
                0x000022f4                _init_chip
 .text.hri_gclk_wait_for_sync
                0x00002334       0x20 hpl/gclk/hpl_gclk.o
 .text.hri_gclk_write_GENCTRL_reg
                0x00002354       0x24 hpl/gclk/hpl_gclk.o
 .text.hri_gclk_write_GENDIV_reg
                0x00002378       0x18 hpl/gclk/hpl_gclk.o
 .text._gclk_init_generators_by_fref
                0x00002390       0x40 hpl/gclk/hpl_gclk.o
                0x00002390                _gclk_init_generators_by_fref
 .text.hri_pm_set_CPUSEL_CPUDIV_bf
                0x000023d0       0x2e hpl/pm/hpl_pm.o
 .text.hri_pm_set_APBASEL_APBADIV_bf
                0x000023fe       0x2e hpl/pm/hpl_pm.o
 .text.hri_pm_set_APBBSEL_APBBDIV_bf
                0x0000242c       0x2e hpl/pm/hpl_pm.o
 .text.hri_pm_set_APBCSEL_APBCDIV_bf
                0x0000245a       0x2e hpl/pm/hpl_pm.o
 .text._pm_init
                0x00002488       0x48 hpl/pm/hpl_pm.o
                0x00002488                _pm_init
 .text.hri_sercomi2cm_wait_for_sync
                0x000024d0       0x20 hpl/sercom/hpl_sercom.o
 .text.hri_sercomusart_wait_for_sync
                0x000024f0       0x20 hpl/sercom/hpl_sercom.o
 .text.hri_sercomi2cm_clear_interrupt_MB_bit
                0x00002510       0x16 hpl/sercom/hpl_sercom.o
 .text.hri_sercomi2cm_clear_interrupt_SB_bit
                0x00002526       0x16 hpl/sercom/hpl_sercom.o
 .text.hri_sercomi2cm_read_INTFLAG_reg
                0x0000253c       0x16 hpl/sercom/hpl_sercom.o
 .text.hri_sercomusart_get_interrupt_DRE_bit
                0x00002552       0x22 hpl/sercom/hpl_sercom.o
 .text.hri_sercomusart_get_interrupt_TXC_bit
                0x00002574       0x22 hpl/sercom/hpl_sercom.o
 .text.hri_sercomusart_get_interrupt_RXC_bit
                0x00002596       0x22 hpl/sercom/hpl_sercom.o
 .text.hri_sercomi2cm_set_CTRLA_ENABLE_bit
                0x000025b8       0x28 hpl/sercom/hpl_sercom.o
 .text.hri_sercomi2cm_get_CTRLA_reg
                0x000025e0       0x30 hpl/sercom/hpl_sercom.o
 .text.hri_sercomi2cm_write_CTRLA_reg
                0x00002610       0x24 hpl/sercom/hpl_sercom.o
 .text.hri_sercomusart_set_CTRLA_ENABLE_bit
                0x00002634       0x28 hpl/sercom/hpl_sercom.o
 .text.hri_sercomusart_get_CTRLA_reg
                0x0000265c       0x30 hpl/sercom/hpl_sercom.o
 .text.hri_sercomusart_write_CTRLA_reg
                0x0000268c       0x24 hpl/sercom/hpl_sercom.o
 .text.hri_sercomi2cm_set_CTRLB_SMEN_bit
                0x000026b0       0x2c hpl/sercom/hpl_sercom.o
 .text.hri_sercomi2cm_clear_CTRLB_SMEN_bit
                0x000026dc       0x2c hpl/sercom/hpl_sercom.o
 .text.hri_sercomi2cm_set_CTRLB_ACKACT_bit
                0x00002708       0x2c hpl/sercom/hpl_sercom.o
 .text.hri_sercomi2cm_clear_CTRLB_ACKACT_bit
                0x00002734       0x2c hpl/sercom/hpl_sercom.o
 .text.hri_sercomi2cm_set_CTRLB_CMD_bf
                0x00002760       0x34 hpl/sercom/hpl_sercom.o
 .text.hri_sercomi2cm_write_CTRLB_reg
                0x00002794       0x24 hpl/sercom/hpl_sercom.o
 .text.hri_sercomusart_write_CTRLB_reg
                0x000027b8       0x24 hpl/sercom/hpl_sercom.o
 .text.hri_sercomusart_write_DBGCTRL_reg
                0x000027dc       0x1e hpl/sercom/hpl_sercom.o
 .text.hri_sercomi2cm_write_BAUD_reg
                0x000027fa       0x1e hpl/sercom/hpl_sercom.o
 .text.hri_sercomusart_write_BAUD_reg
                0x00002818       0x1e hpl/sercom/hpl_sercom.o
 *fill*         0x00002836        0x2 
 .text.hri_sercomi2cm_write_ADDR_reg
                0x00002838       0x2c hpl/sercom/hpl_sercom.o
 .text.hri_sercomi2cm_write_DATA_reg
                0x00002864       0x1e hpl/sercom/hpl_sercom.o
 .text.hri_sercomi2cm_read_DATA_reg
                0x00002882       0x16 hpl/sercom/hpl_sercom.o
 .text.hri_sercomusart_write_DATA_reg
                0x00002898       0x1e hpl/sercom/hpl_sercom.o
 .text.hri_sercomusart_read_DATA_reg
                0x000028b6       0x16 hpl/sercom/hpl_sercom.o
 .text.hri_sercomi2cm_read_STATUS_BUSSTATE_bf
                0x000028cc       0x2c hpl/sercom/hpl_sercom.o
 .text.hri_sercomi2cm_read_STATUS_reg
                0x000028f8       0x24 hpl/sercom/hpl_sercom.o
 .text._usart_sync_init
                0x0000291c       0x40 hpl/sercom/hpl_sercom.o
                0x0000291c                _usart_sync_init
 .text._usart_sync_enable
                0x0000295c       0x20 hpl/sercom/hpl_sercom.o
                0x0000295c                _usart_sync_enable
 .text._usart_sync_write_byte
                0x0000297c       0x2c hpl/sercom/hpl_sercom.o
                0x0000297c                _usart_sync_write_byte
 .text._usart_sync_read_byte
                0x000029a8       0x24 hpl/sercom/hpl_sercom.o
                0x000029a8                _usart_sync_read_byte
 .text._usart_sync_is_ready_to_send
                0x000029cc       0x20 hpl/sercom/hpl_sercom.o
                0x000029cc                _usart_sync_is_ready_to_send
 .text._usart_sync_is_transmit_done
                0x000029ec       0x20 hpl/sercom/hpl_sercom.o
                0x000029ec                _usart_sync_is_transmit_done
 .text._usart_sync_is_byte_received
                0x00002a0c       0x20 hpl/sercom/hpl_sercom.o
                0x00002a0c                _usart_sync_is_byte_received
 .text._sercom_get_hardware_index
                0x00002a2c       0x20 hpl/sercom/hpl_sercom.o
 .text._get_sercom_index
                0x00002a4c       0x84 hpl/sercom/hpl_sercom.o
 .text._usart_init
                0x00002ad0       0xe4 hpl/sercom/hpl_sercom.o
 .text._get_i2cm_index
                0x00002bb4       0x88 hpl/sercom/hpl_sercom.o
 .text._sercom_i2c_send_stop
                0x00002c3c       0x20 hpl/sercom/hpl_sercom.o
 .text._sercom_i2c_sync_analyse_flags
                0x00002c5c      0x1e0 hpl/sercom/hpl_sercom.o
 .text._i2c_m_sync_init
                0x00002e3c      0x120 hpl/sercom/hpl_sercom.o
                0x00002e3c                _i2c_m_sync_init
 .text._i2c_m_sync_enable
                0x00002f5c       0x88 hpl/sercom/hpl_sercom.o
                0x00002f5c                _i2c_m_sync_enable
 .text._sercom_i2c_sync_wait_bus
                0x00002fe4       0x5c hpl/sercom/hpl_sercom.o
 .text._sercom_i2c_sync_send_address
                0x00003040       0x98 hpl/sercom/hpl_sercom.o
 .text._i2c_m_sync_transfer
                0x000030d8      0x13c hpl/sercom/hpl_sercom.o
                0x000030d8                _i2c_m_sync_transfer
 .text.hri_sysctrl_get_PCLKSR_OSC8MRDY_bit
                0x00003214       0x20 hpl/sysctrl/hpl_sysctrl.o
 .text.hri_sysctrl_set_OSC32K_ENABLE_bit
                0x00003234       0x1c hpl/sysctrl/hpl_sysctrl.o
 .text.hri_sysctrl_clear_OSC32K_ENABLE_bit
                0x00003250       0x1e hpl/sysctrl/hpl_sysctrl.o
 .text.hri_sysctrl_read_OSCULP32K_CALIB_bf
                0x0000326e       0x30 hpl/sysctrl/hpl_sysctrl.o
 .text.hri_sysctrl_write_OSCULP32K_reg
                0x0000329e       0x1e hpl/sysctrl/hpl_sysctrl.o
 .text.hri_sysctrl_set_OSC8M_ONDEMAND_bit
                0x000032bc       0x1c hpl/sysctrl/hpl_sysctrl.o
 .text.hri_sysctrl_read_OSC8M_CALIB_bf
                0x000032d8       0x22 hpl/sysctrl/hpl_sysctrl.o
 .text.hri_sysctrl_read_OSC8M_FRANGE_bf
                0x000032fa       0x1e hpl/sysctrl/hpl_sysctrl.o
 .text.hri_sysctrl_write_OSC8M_reg
                0x00003318       0x18 hpl/sysctrl/hpl_sysctrl.o
 .text._sysctrl_init_sources
                0x00003330       0xc0 hpl/sysctrl/hpl_sysctrl.o
                0x00003330                _sysctrl_init_sources
 .text._sysctrl_init_referenced_generators
                0x000033f0       0x24 hpl/sysctrl/hpl_sysctrl.o
                0x000033f0                _sysctrl_init_referenced_generators
 .text._system_time_init
                0x00003414       0x24 hpl/systick/hpl_systick.o
                0x00003414                _system_time_init
 .text._delay_init
                0x00003438       0x1c hpl/systick/hpl_systick.o
                0x00003438                _delay_init
 .text._delay_cycles
                0x00003454       0x80 hpl/systick/hpl_systick.o
                0x00003454                _delay_cycles
 .text.main     0x000034d4      0x2e4 main.o
                0x000034d4                main
 .text          0x000037b8      0x114 c:/program files (x86)/atmel/studio/7.0/toolchain/arm/arm-gnu-toolchain/bin/../lib/gcc/arm-none-eabi/6.3.1/thumb/v6-m\libgcc.a(_udivsi3.o)
                0x000037b8                __aeabi_uidiv
                0x000037b8                __udivsi3
                0x000038c4                __aeabi_uidivmod
 .text          0x000038cc      0x1d4 c:/program files (x86)/atmel/studio/7.0/toolchain/arm/arm-gnu-toolchain/bin/../lib/gcc/arm-none-eabi/6.3.1/thumb/v6-m\libgcc.a(_divsi3.o)
                0x000038cc                __divsi3
                0x000038cc                __aeabi_idiv
                0x00003a98                __aeabi_idivmod
 .text          0x00003aa0        0x4 c:/program files (x86)/atmel/studio/7.0/toolchain/arm/arm-gnu-toolchain/bin/../lib/gcc/arm-none-eabi/6.3.1/thumb/v6-m\libgcc.a(_dvmd_tls.o)
                0x00003aa0                __aeabi_idiv0
                0x00003aa0                __aeabi_ldiv0
 .text          0x00003aa4       0x7c c:/program files (x86)/atmel/studio/7.0/toolchain/arm/arm-gnu-toolchain/bin/../lib/gcc/arm-none-eabi/6.3.1/thumb/v6-m\libgcc.a(_arm_cmpdf2.o)
                0x00003aa4                __aeabi_cdrcmple
                0x00003ab4                __aeabi_cdcmple
                0x00003ab4                __aeabi_cdcmpeq
                0x00003ac4                __aeabi_dcmpeq
                0x00003ad0                __aeabi_dcmplt
                0x00003ae4                __aeabi_dcmple
                0x00003af8                __aeabi_dcmpgt
                0x00003b0c                __aeabi_dcmpge
 .text          0x00003b20      0x620 c:/program files (x86)/atmel/studio/7.0/toolchain/arm/arm-gnu-toolchain/bin/../lib/gcc/arm-none-eabi/6.3.1/thumb/v6-m\libgcc.a(adddf3.o)
                0x00003b20                __aeabi_dadd
 .text          0x00004140      0x668 c:/program files (x86)/atmel/studio/7.0/toolchain/arm/arm-gnu-toolchain/bin/../lib/gcc/arm-none-eabi/6.3.1/thumb/v6-m\libgcc.a(divdf3.o)
                0x00004140                __aeabi_ddiv
 .text          0x000047a8       0x74 c:/program files (x86)/atmel/studio/7.0/toolchain/arm/arm-gnu-toolchain/bin/../lib/gcc/arm-none-eabi/6.3.1/thumb/v6-m\libgcc.a(eqdf2.o)
                0x000047a8                __nedf2
                0x000047a8                __eqdf2
 .text          0x0000481c       0xc8 c:/program files (x86)/atmel/studio/7.0/toolchain/arm/arm-gnu-toolchain/bin/../lib/gcc/arm-none-eabi/6.3.1/thumb/v6-m\libgcc.a(gedf2.o)
                0x0000481c                __gedf2
                0x0000481c                __gtdf2
 .text          0x000048e4       0xc4 c:/program files (x86)/atmel/studio/7.0/toolchain/arm/arm-gnu-toolchain/bin/../lib/gcc/arm-none-eabi/6.3.1/thumb/v6-m\libgcc.a(ledf2.o)
                0x000048e4                __ledf2
                0x000048e4                __ltdf2
 .text          0x000049a8      0x500 c:/program files (x86)/atmel/studio/7.0/toolchain/arm/arm-gnu-toolchain/bin/../lib/gcc/arm-none-eabi/6.3.1/thumb/v6-m\libgcc.a(muldf3.o)
                0x000049a8                __aeabi_dmul
 .text          0x00004ea8      0x62c c:/program files (x86)/atmel/studio/7.0/toolchain/arm/arm-gnu-toolchain/bin/../lib/gcc/arm-none-eabi/6.3.1/thumb/v6-m\libgcc.a(subdf3.o)
                0x00004ea8                __aeabi_dsub
 .text          0x000054d4       0x68 c:/program files (x86)/atmel/studio/7.0/toolchain/arm/arm-gnu-toolchain/bin/../lib/gcc/arm-none-eabi/6.3.1/thumb/v6-m\libgcc.a(fixdfsi.o)
                0x000054d4                __aeabi_d2iz
 .text          0x0000553c       0x84 c:/program files (x86)/atmel/studio/7.0/toolchain/arm/arm-gnu-toolchain/bin/../lib/gcc/arm-none-eabi/6.3.1/thumb/v6-m\libgcc.a(floatsidf.o)
                0x0000553c                __aeabi_i2d
 .text          0x000055c0       0x70 c:/program files (x86)/atmel/studio/7.0/toolchain/arm/arm-gnu-toolchain/bin/../lib/gcc/arm-none-eabi/6.3.1/thumb/v6-m\libgcc.a(floatunsidf.o)
                0x000055c0                __aeabi_ui2d
 .text          0x00005630       0x3c c:/program files (x86)/atmel/studio/7.0/toolchain/arm/arm-gnu-toolchain/bin/../lib/gcc/arm-none-eabi/6.3.1/thumb/v6-m\libgcc.a(_clzsi2.o)
                0x00005630                __clzsi2
 .text.__libc_init_array
                0x0000566c       0x48 c:/program files (x86)/atmel/studio/7.0/toolchain/arm/arm-gnu-toolchain/bin/../lib/gcc/arm-none-eabi/6.3.1/../../../../arm-none-eabi/lib/thumb/v6-m\libc_nano.a(lib_a-init.o)
                0x0000566c                __libc_init_array
 .text.malloc   0x000056b4       0x14 c:/program files (x86)/atmel/studio/7.0/toolchain/arm/arm-gnu-toolchain/bin/../lib/gcc/arm-none-eabi/6.3.1/../../../../arm-none-eabi/lib/thumb/v6-m\libc_nano.a(lib_a-malloc.o)
                0x000056b4                malloc
 .text.memcpy   0x000056c8       0x12 c:/program files (x86)/atmel/studio/7.0/toolchain/arm/arm-gnu-toolchain/bin/../lib/gcc/arm-none-eabi/6.3.1/../../../../arm-none-eabi/lib/thumb/v6-m\libc_nano.a(lib_a-memcpy-stub.o)
                0x000056c8                memcpy
 *fill*         0x000056da        0x2 
 .text._free_r  0x000056dc       0x94 c:/program files (x86)/atmel/studio/7.0/toolchain/arm/arm-gnu-toolchain/bin/../lib/gcc/arm-none-eabi/6.3.1/../../../../arm-none-eabi/lib/thumb/v6-m\libc_nano.a(lib_a-nano-freer.o)
                0x000056dc                _free_r
 .text._malloc_r
                0x00005770       0xbc c:/program files (x86)/atmel/studio/7.0/toolchain/arm/arm-gnu-toolchain/bin/../lib/gcc/arm-none-eabi/6.3.1/../../../../arm-none-eabi/lib/thumb/v6-m\libc_nano.a(lib_a-nano-mallocr.o)
                0x00005770                _malloc_r
 .text._sbrk_r  0x0000582c       0x24 c:/program files (x86)/atmel/studio/7.0/toolchain/arm/arm-gnu-toolchain/bin/../lib/gcc/arm-none-eabi/6.3.1/../../../../arm-none-eabi/lib/thumb/v6-m\libc_nano.a(lib_a-sbrkr.o)
                0x0000582c                _sbrk_r
 .text.sprintf  0x00005850       0x44 c:/program files (x86)/atmel/studio/7.0/toolchain/arm/arm-gnu-toolchain/bin/../lib/gcc/arm-none-eabi/6.3.1/../../../../arm-none-eabi/lib/thumb/v6-m\libc_nano.a(lib_a-sprintf.o)
                0x00005850                siprintf
                0x00005850                sprintf
 .text.strcat   0x00005894       0x1a c:/program files (x86)/atmel/studio/7.0/toolchain/arm/arm-gnu-toolchain/bin/../lib/gcc/arm-none-eabi/6.3.1/../../../../arm-none-eabi/lib/thumb/v6-m\libc_nano.a(lib_a-strcat.o)
                0x00005894                strcat
 .text          0x000058ae        0xe c:/program files (x86)/atmel/studio/7.0/toolchain/arm/arm-gnu-toolchain/bin/../lib/gcc/arm-none-eabi/6.3.1/../../../../arm-none-eabi/lib/thumb/v6-m\libc_nano.a(lib_a-strlen.o)
                0x000058ae                strlen
 .text.__malloc_lock
                0x000058bc        0x2 c:/program files (x86)/atmel/studio/7.0/toolchain/arm/arm-gnu-toolchain/bin/../lib/gcc/arm-none-eabi/6.3.1/../../../../arm-none-eabi/lib/thumb/v6-m\libc_nano.a(lib_a-mlock.o)
                0x000058bc                __malloc_lock
 .text.__malloc_unlock
                0x000058be        0x2 c:/program files (x86)/atmel/studio/7.0/toolchain/arm/arm-gnu-toolchain/bin/../lib/gcc/arm-none-eabi/6.3.1/../../../../arm-none-eabi/lib/thumb/v6-m\libc_nano.a(lib_a-mlock.o)
                0x000058be                __malloc_unlock
 .text.__ssputs_r
                0x000058c0       0xc4 c:/program files (x86)/atmel/studio/7.0/toolchain/arm/arm-gnu-toolchain/bin/../lib/gcc/arm-none-eabi/6.3.1/../../../../arm-none-eabi/lib/thumb/v6-m\libc_nano.a(lib_a-nano-svfprintf.o)
                0x000058c0                __ssputs_r
 .text._svfprintf_r
                0x00005984      0x208 c:/program files (x86)/atmel/studio/7.0/toolchain/arm/arm-gnu-toolchain/bin/../lib/gcc/arm-none-eabi/6.3.1/../../../../arm-none-eabi/lib/thumb/v6-m\libc_nano.a(lib_a-nano-svfprintf.o)
                0x00005984                _svfiprintf_r
                0x00005984                _svfprintf_r
 .text._printf_common
                0x00005b8c       0xda c:/program files (x86)/atmel/studio/7.0/toolchain/arm/arm-gnu-toolchain/bin/../lib/gcc/arm-none-eabi/6.3.1/../../../../arm-none-eabi/lib/thumb/v6-m\libc_nano.a(lib_a-nano-vfprintf_i.o)
                0x00005b8c                _printf_common
 *fill*         0x00005c66        0x2 
 .text._printf_i
                0x00005c68      0x234 c:/program files (x86)/atmel/studio/7.0/toolchain/arm/arm-gnu-toolchain/bin/../lib/gcc/arm-none-eabi/6.3.1/../../../../arm-none-eabi/lib/thumb/v6-m\libc_nano.a(lib_a-nano-vfprintf_i.o)
                0x00005c68                _printf_i
 .text.memchr   0x00005e9c       0x16 c:/program files (x86)/atmel/studio/7.0/toolchain/arm/arm-gnu-toolchain/bin/../lib/gcc/arm-none-eabi/6.3.1/../../../../arm-none-eabi/lib/thumb/v6-m\libc_nano.a(lib_a-memchr-stub.o)
                0x00005e9c                memchr
 .text.memmove  0x00005eb2       0x24 c:/program files (x86)/atmel/studio/7.0/toolchain/arm/arm-gnu-toolchain/bin/../lib/gcc/arm-none-eabi/6.3.1/../../../../arm-none-eabi/lib/thumb/v6-m\libc_nano.a(lib_a-memmove.o)
                0x00005eb2                memmove
 .text._realloc_r
                0x00005ed6       0x4c c:/program files (x86)/atmel/studio/7.0/toolchain/arm/arm-gnu-toolchain/bin/../lib/gcc/arm-none-eabi/6.3.1/../../../../arm-none-eabi/lib/thumb/v6-m\libc_nano.a(lib_a-nano-reallocr.o)
                0x00005ed6                _realloc_r
 .text._malloc_usable_size_r
                0x00005f22       0x10 c:/program files (x86)/atmel/studio/7.0/toolchain/arm/arm-gnu-toolchain/bin/../lib/gcc/arm-none-eabi/6.3.1/../../../../arm-none-eabi/lib/thumb/v6-m\libc_nano.a(lib_a-nano-msizer.o)
                0x00005f22                _malloc_usable_size_r
 *(.glue_7t)
 .glue_7t       0x00005f32        0x0 linker stubs
 *(.glue_7)
 .glue_7        0x00005f32        0x0 linker stubs
 *(.rodata .rodata* .gnu.linkonce.r.*)
 *fill*         0x00005f32        0x2 
 .rodata        0x00005f34       0x34 driver_init.o
 .rodata        0x00005f68       0x1c hal/src/hal_i2c_m_sync.o
 .rodata        0x00005f84       0x14 hal/src/hal_io.o
 .rodata        0x00005f98       0x1c hal/src/hal_usart_sync.o
 .rodata        0x00005fb4       0x4c hpl/core/hpl_core_m0plus_base.o
 .rodata        0x00006000       0x2c hpl/sercom/hpl_sercom.o
 .rodata        0x0000602c       0x33 main.o
 *fill*         0x0000605f        0x1 
 .rodata        0x00006060       0x40 c:/program files (x86)/atmel/studio/7.0/toolchain/arm/arm-gnu-toolchain/bin/../lib/gcc/arm-none-eabi/6.3.1/thumb/v6-m\libgcc.a(divdf3.o)
 .rodata        0x000060a0       0x40 c:/program files (x86)/atmel/studio/7.0/toolchain/arm/arm-gnu-toolchain/bin/../lib/gcc/arm-none-eabi/6.3.1/thumb/v6-m\libgcc.a(muldf3.o)
 .rodata.__sf_fake_stderr
                0x000060e0       0x20 c:/program files (x86)/atmel/studio/7.0/toolchain/arm/arm-gnu-toolchain/bin/../lib/gcc/arm-none-eabi/6.3.1/../../../../arm-none-eabi/lib/thumb/v6-m\libc_nano.a(lib_a-findfp.o)
                0x000060e0                __sf_fake_stderr
 .rodata.__sf_fake_stdin
                0x00006100       0x20 c:/program files (x86)/atmel/studio/7.0/toolchain/arm/arm-gnu-toolchain/bin/../lib/gcc/arm-none-eabi/6.3.1/../../../../arm-none-eabi/lib/thumb/v6-m\libc_nano.a(lib_a-findfp.o)
                0x00006100                __sf_fake_stdin
 .rodata.__sf_fake_stdout
                0x00006120       0x20 c:/program files (x86)/atmel/studio/7.0/toolchain/arm/arm-gnu-toolchain/bin/../lib/gcc/arm-none-eabi/6.3.1/../../../../arm-none-eabi/lib/thumb/v6-m\libc_nano.a(lib_a-findfp.o)
                0x00006120                __sf_fake_stdout
 .rodata._svfprintf_r.str1.1
                0x00006140       0x11 c:/program files (x86)/atmel/studio/7.0/toolchain/arm/arm-gnu-toolchain/bin/../lib/gcc/arm-none-eabi/6.3.1/../../../../arm-none-eabi/lib/thumb/v6-m\libc_nano.a(lib_a-nano-svfprintf.o)
 .rodata._printf_i.str1.1
                0x00006151       0x22 c:/program files (x86)/atmel/studio/7.0/toolchain/arm/arm-gnu-toolchain/bin/../lib/gcc/arm-none-eabi/6.3.1/../../../../arm-none-eabi/lib/thumb/v6-m\libc_nano.a(lib_a-nano-vfprintf_i.o)
 *(.ARM.extab* .gnu.linkonce.armextab.*)
                0x00006174                . = ALIGN (0x4)
 *fill*         0x00006173        0x1 
 *(.init)
 .init          0x00006174        0x4 c:/program files (x86)/atmel/studio/7.0/toolchain/arm/arm-gnu-toolchain/bin/../lib/gcc/arm-none-eabi/6.3.1/thumb/v6-m/crti.o
                0x00006174                _init
 .init          0x00006178        0x8 c:/program files (x86)/atmel/studio/7.0/toolchain/arm/arm-gnu-toolchain/bin/../lib/gcc/arm-none-eabi/6.3.1/thumb/v6-m/crtn.o
                0x00006180                . = ALIGN (0x4)
                0x00006180                __preinit_array_start = .
 *(.preinit_array)
                0x00006180                __preinit_array_end = .
                0x00006180                . = ALIGN (0x4)
                0x00006180                __init_array_start = .
 *(SORT(.init_array.*))
 *(.init_array)
 .init_array    0x00006180        0x4 c:/program files (x86)/atmel/studio/7.0/toolchain/arm/arm-gnu-toolchain/bin/../lib/gcc/arm-none-eabi/6.3.1/thumb/v6-m/crtbegin.o
                0x00006184                __init_array_end = .
                0x00006184                . = ALIGN (0x4)
 *crtbegin.o(.ctors)
 *(EXCLUDE_FILE(*crtend.o) .ctors)
 *(SORT(.ctors.*))
 *crtend.o(.ctors)
                0x00006184                . = ALIGN (0x4)
 *(.fini)
 .fini          0x00006184        0x4 c:/program files (x86)/atmel/studio/7.0/toolchain/arm/arm-gnu-toolchain/bin/../lib/gcc/arm-none-eabi/6.3.1/thumb/v6-m/crti.o
                0x00006184                _fini
 .fini          0x00006188        0x8 c:/program files (x86)/atmel/studio/7.0/toolchain/arm/arm-gnu-toolchain/bin/../lib/gcc/arm-none-eabi/6.3.1/thumb/v6-m/crtn.o
                0x00006190                . = ALIGN (0x4)
                0x00006190                __fini_array_start = .
 *(.fini_array)
 .fini_array    0x00006190        0x4 c:/program files (x86)/atmel/studio/7.0/toolchain/arm/arm-gnu-toolchain/bin/../lib/gcc/arm-none-eabi/6.3.1/thumb/v6-m/crtbegin.o
 *(SORT(.fini_array.*))
                0x00006194                __fini_array_end = .
 *crtbegin.o(.dtors)
 *(EXCLUDE_FILE(*crtend.o) .dtors)
 *(SORT(.dtors.*))
 *crtend.o(.dtors)
                0x00006194                . = ALIGN (0x4)
                0x00006194                _efixed = .
                [!provide]                PROVIDE (__exidx_start, .)

.vfp11_veneer   0x00006194        0x0
 .vfp11_veneer  0x00006194        0x0 linker stubs

.v4_bx          0x00006194        0x0
 .v4_bx         0x00006194        0x0 linker stubs

.iplt           0x00006194        0x0
 .iplt          0x00006194        0x0 c:/program files (x86)/atmel/studio/7.0/toolchain/arm/arm-gnu-toolchain/bin/../lib/gcc/arm-none-eabi/6.3.1/thumb/v6-m/crtbegin.o

.eh_frame       0x00006194        0x0
 .eh_frame      0x00006194        0x0 c:/program files (x86)/atmel/studio/7.0/toolchain/arm/arm-gnu-toolchain/bin/../lib/gcc/arm-none-eabi/6.3.1/thumb/v6-m/crtbegin.o

.rel.dyn        0x00006194        0x0
 .rel.iplt      0x00006194        0x0 c:/program files (x86)/atmel/studio/7.0/toolchain/arm/arm-gnu-toolchain/bin/../lib/gcc/arm-none-eabi/6.3.1/thumb/v6-m/crtbegin.o

.jcr            0x00006194        0x0
 .jcr           0x00006194        0x0 c:/program files (x86)/atmel/studio/7.0/toolchain/arm/arm-gnu-toolchain/bin/../lib/gcc/arm-none-eabi/6.3.1/thumb/v6-m/crtbegin.o

.igot.plt       0x00006194        0x0
 .igot.plt      0x00006194        0x0 c:/program files (x86)/atmel/studio/7.0/toolchain/arm/arm-gnu-toolchain/bin/../lib/gcc/arm-none-eabi/6.3.1/thumb/v6-m/crtbegin.o

.ARM.exidx
 *(.ARM.exidx* .gnu.linkonce.armexidx.*)
                [!provide]                PROVIDE (__exidx_end, .)
                0x00006194                . = ALIGN (0x4)
                0x00006194                _etext = .

.relocate       0x20000000       0x8c load address 0x00006194
                0x20000000                . = ALIGN (0x4)
                0x20000000                _srelocate = .
 *(.ramfunc .ramfunc.*)
 *(.data .data.*)
 .data          0x20000000       0x28 hpl/sercom/hpl_sercom.o
 .data._impure_ptr
                0x20000028        0x4 c:/program files (x86)/atmel/studio/7.0/toolchain/arm/arm-gnu-toolchain/bin/../lib/gcc/arm-none-eabi/6.3.1/../../../../arm-none-eabi/lib/thumb/v6-m\libc_nano.a(lib_a-impure.o)
                0x20000028                _impure_ptr
 .data.impure_data
                0x2000002c       0x60 c:/program files (x86)/atmel/studio/7.0/toolchain/arm/arm-gnu-toolchain/bin/../lib/gcc/arm-none-eabi/6.3.1/../../../../arm-none-eabi/lib/thumb/v6-m\libc_nano.a(lib_a-impure.o)
                0x2000008c                . = ALIGN (0x4)
                0x2000008c                _erelocate = .

.bss            0x2000008c       0x5c load address 0x00006220
                0x2000008c                . = ALIGN (0x4)
                0x2000008c                _sbss = .
                0x2000008c                _szero = .
 *(.bss .bss.*)
 .bss           0x2000008c       0x1c c:/program files (x86)/atmel/studio/7.0/toolchain/arm/arm-gnu-toolchain/bin/../lib/gcc/arm-none-eabi/6.3.1/thumb/v6-m/crtbegin.o
 .bss           0x200000a8        0x4 hal/src/hal_delay.o
 .bss           0x200000ac        0x4 hal/utils/src/utils_syscalls.o
 .bss.__malloc_free_list
                0x200000b0        0x4 c:/program files (x86)/atmel/studio/7.0/toolchain/arm/arm-gnu-toolchain/bin/../lib/gcc/arm-none-eabi/6.3.1/../../../../arm-none-eabi/lib/thumb/v6-m\libc_nano.a(lib_a-nano-mallocr.o)
                0x200000b0                __malloc_free_list
 .bss.__malloc_sbrk_start
                0x200000b4        0x4 c:/program files (x86)/atmel/studio/7.0/toolchain/arm/arm-gnu-toolchain/bin/../lib/gcc/arm-none-eabi/6.3.1/../../../../arm-none-eabi/lib/thumb/v6-m\libc_nano.a(lib_a-nano-mallocr.o)
                0x200000b4                __malloc_sbrk_start
 *(COMMON)
 COMMON         0x200000b8       0x2c driver_init.o
                0x200000b8                USART_0
                0x200000c4                I2C_0
 COMMON         0x200000e4        0x4 c:/program files (x86)/atmel/studio/7.0/toolchain/arm/arm-gnu-toolchain/bin/../lib/gcc/arm-none-eabi/6.3.1/../../../../arm-none-eabi/lib/thumb/v6-m\libc_nano.a(lib_a-reent.o)
                0x200000e4                errno
                0x200000e8                . = ALIGN (0x4)
                0x200000e8                _ebss = .
                0x200000e8                _ezero = .

.stack          0x200000e8     0x2000 load address 0x0000627c
                0x200000e8                . = ALIGN (0x8)
                0x200000e8                _sstack = .
                0x200020e8                . = (. + STACK_SIZE)
 *fill*         0x200000e8     0x2000 
                0x200020e8                . = ALIGN (0x8)
                0x200020e8                _estack = .
                0x200020e8                . = ALIGN (0x4)
                0x200020e8                _end = .
OUTPUT(BATTest(4)0.elf elf32-littlearm)

.ARM.attributes
                0x00000000       0x28
 .ARM.attributes
                0x00000000       0x1e c:/program files (x86)/atmel/studio/7.0/toolchain/arm/arm-gnu-toolchain/bin/../lib/gcc/arm-none-eabi/6.3.1/thumb/v6-m/crti.o
 .ARM.attributes
                0x0000001e       0x2c c:/program files (x86)/atmel/studio/7.0/toolchain/arm/arm-gnu-toolchain/bin/../lib/gcc/arm-none-eabi/6.3.1/thumb/v6-m/crtbegin.o
 .ARM.attributes
                0x0000004a       0x32 atmel_start.o
 .ARM.attributes
                0x0000007c       0x32 BME280/BME280.o
 .ARM.attributes
                0x000000ae       0x32 Device_Startup/startup_samd20.o
 .ARM.attributes
                0x000000e0       0x32 driver_init.o
 .ARM.attributes
                0x00000112       0x32 hal/src/hal_delay.o
 .ARM.attributes
                0x00000144       0x32 hal/src/hal_i2c_m_sync.o
 .ARM.attributes
                0x00000176       0x32 hal/src/hal_io.o
 .ARM.attributes
                0x000001a8       0x32 hal/src/hal_usart_sync.o
 .ARM.attributes
                0x000001da       0x32 hal/utils/src/utils_assert.o
 .ARM.attributes
                0x0000020c       0x32 hal/utils/src/utils_syscalls.o
 .ARM.attributes
                0x0000023e       0x32 hpl/core/hpl_core_m0plus_base.o
 .ARM.attributes
                0x00000270       0x32 hpl/core/hpl_init.o
 .ARM.attributes
                0x000002a2       0x32 hpl/gclk/hpl_gclk.o
 .ARM.attributes
                0x000002d4       0x32 hpl/pm/hpl_pm.o
 .ARM.attributes
                0x00000306       0x32 hpl/sercom/hpl_sercom.o
 .ARM.attributes
                0x00000338       0x32 hpl/sysctrl/hpl_sysctrl.o
 .ARM.attributes
                0x0000036a       0x32 hpl/systick/hpl_systick.o
 .ARM.attributes
                0x0000039c       0x32 main.o
 .ARM.attributes
                0x000003ce       0x1e c:/program files (x86)/atmel/studio/7.0/toolchain/arm/arm-gnu-toolchain/bin/../lib/gcc/arm-none-eabi/6.3.1/thumb/v6-m\libgcc.a(_udivsi3.o)
 .ARM.attributes
                0x000003ec       0x1e c:/program files (x86)/atmel/studio/7.0/toolchain/arm/arm-gnu-toolchain/bin/../lib/gcc/arm-none-eabi/6.3.1/thumb/v6-m\libgcc.a(_divsi3.o)
 .ARM.attributes
                0x0000040a       0x1e c:/program files (x86)/atmel/studio/7.0/toolchain/arm/arm-gnu-toolchain/bin/../lib/gcc/arm-none-eabi/6.3.1/thumb/v6-m\libgcc.a(_dvmd_tls.o)
 .ARM.attributes
                0x00000428       0x1e c:/program files (x86)/atmel/studio/7.0/toolchain/arm/arm-gnu-toolchain/bin/../lib/gcc/arm-none-eabi/6.3.1/thumb/v6-m\libgcc.a(_arm_cmpdf2.o)
 .ARM.attributes
                0x00000446       0x2c c:/program files (x86)/atmel/studio/7.0/toolchain/arm/arm-gnu-toolchain/bin/../lib/gcc/arm-none-eabi/6.3.1/thumb/v6-m\libgcc.a(adddf3.o)
 .ARM.attributes
                0x00000472       0x2c c:/program files (x86)/atmel/studio/7.0/toolchain/arm/arm-gnu-toolchain/bin/../lib/gcc/arm-none-eabi/6.3.1/thumb/v6-m\libgcc.a(divdf3.o)
 .ARM.attributes
                0x0000049e       0x2c c:/program files (x86)/atmel/studio/7.0/toolchain/arm/arm-gnu-toolchain/bin/../lib/gcc/arm-none-eabi/6.3.1/thumb/v6-m\libgcc.a(eqdf2.o)
 .ARM.attributes
                0x000004ca       0x2c c:/program files (x86)/atmel/studio/7.0/toolchain/arm/arm-gnu-toolchain/bin/../lib/gcc/arm-none-eabi/6.3.1/thumb/v6-m\libgcc.a(gedf2.o)
 .ARM.attributes
                0x000004f6       0x2c c:/program files (x86)/atmel/studio/7.0/toolchain/arm/arm-gnu-toolchain/bin/../lib/gcc/arm-none-eabi/6.3.1/thumb/v6-m\libgcc.a(ledf2.o)
 .ARM.attributes
                0x00000522       0x2c c:/program files (x86)/atmel/studio/7.0/toolchain/arm/arm-gnu-toolchain/bin/../lib/gcc/arm-none-eabi/6.3.1/thumb/v6-m\libgcc.a(muldf3.o)
 .ARM.attributes
                0x0000054e       0x2c c:/program files (x86)/atmel/studio/7.0/toolchain/arm/arm-gnu-toolchain/bin/../lib/gcc/arm-none-eabi/6.3.1/thumb/v6-m\libgcc.a(subdf3.o)
 .ARM.attributes
                0x0000057a       0x2c c:/program files (x86)/atmel/studio/7.0/toolchain/arm/arm-gnu-toolchain/bin/../lib/gcc/arm-none-eabi/6.3.1/thumb/v6-m\libgcc.a(fixdfsi.o)
 .ARM.attributes
                0x000005a6       0x2c c:/program files (x86)/atmel/studio/7.0/toolchain/arm/arm-gnu-toolchain/bin/../lib/gcc/arm-none-eabi/6.3.1/thumb/v6-m\libgcc.a(floatsidf.o)
 .ARM.attributes
                0x000005d2       0x2c c:/program files (x86)/atmel/studio/7.0/toolchain/arm/arm-gnu-toolchain/bin/../lib/gcc/arm-none-eabi/6.3.1/thumb/v6-m\libgcc.a(floatunsidf.o)
 .ARM.attributes
                0x000005fe       0x1e c:/program files (x86)/atmel/studio/7.0/toolchain/arm/arm-gnu-toolchain/bin/../lib/gcc/arm-none-eabi/6.3.1/thumb/v6-m\libgcc.a(_clzsi2.o)
 .ARM.attributes
                0x0000061c       0x2c c:/program files (x86)/atmel/studio/7.0/toolchain/arm/arm-gnu-toolchain/bin/../lib/gcc/arm-none-eabi/6.3.1/../../../../arm-none-eabi/lib/thumb/v6-m\libc_nano.a(lib_a-impure.o)
 .ARM.attributes
                0x00000648       0x2c c:/program files (x86)/atmel/studio/7.0/toolchain/arm/arm-gnu-toolchain/bin/../lib/gcc/arm-none-eabi/6.3.1/../../../../arm-none-eabi/lib/thumb/v6-m\libc_nano.a(lib_a-init.o)
 .ARM.attributes
                0x00000674       0x2c c:/program files (x86)/atmel/studio/7.0/toolchain/arm/arm-gnu-toolchain/bin/../lib/gcc/arm-none-eabi/6.3.1/../../../../arm-none-eabi/lib/thumb/v6-m\libc_nano.a(lib_a-malloc.o)
 .ARM.attributes
                0x000006a0       0x2c c:/program files (x86)/atmel/studio/7.0/toolchain/arm/arm-gnu-toolchain/bin/../lib/gcc/arm-none-eabi/6.3.1/../../../../arm-none-eabi/lib/thumb/v6-m\libc_nano.a(lib_a-memcpy-stub.o)
 .ARM.attributes
                0x000006cc       0x2c c:/program files (x86)/atmel/studio/7.0/toolchain/arm/arm-gnu-toolchain/bin/../lib/gcc/arm-none-eabi/6.3.1/../../../../arm-none-eabi/lib/thumb/v6-m\libc_nano.a(lib_a-nano-freer.o)
 .ARM.attributes
                0x000006f8       0x2c c:/program files (x86)/atmel/studio/7.0/toolchain/arm/arm-gnu-toolchain/bin/../lib/gcc/arm-none-eabi/6.3.1/../../../../arm-none-eabi/lib/thumb/v6-m\libc_nano.a(lib_a-nano-mallocr.o)
 .ARM.attributes
                0x00000724       0x2c c:/program files (x86)/atmel/studio/7.0/toolchain/arm/arm-gnu-toolchain/bin/../lib/gcc/arm-none-eabi/6.3.1/../../../../arm-none-eabi/lib/thumb/v6-m\libc_nano.a(lib_a-sbrkr.o)
 .ARM.attributes
                0x00000750       0x2c c:/program files (x86)/atmel/studio/7.0/toolchain/arm/arm-gnu-toolchain/bin/../lib/gcc/arm-none-eabi/6.3.1/../../../../arm-none-eabi/lib/thumb/v6-m\libc_nano.a(lib_a-sprintf.o)
 .ARM.attributes
                0x0000077c       0x2c c:/program files (x86)/atmel/studio/7.0/toolchain/arm/arm-gnu-toolchain/bin/../lib/gcc/arm-none-eabi/6.3.1/../../../../arm-none-eabi/lib/thumb/v6-m\libc_nano.a(lib_a-strcat.o)
 .ARM.attributes
                0x000007a8       0x1c c:/program files (x86)/atmel/studio/7.0/toolchain/arm/arm-gnu-toolchain/bin/../lib/gcc/arm-none-eabi/6.3.1/../../../../arm-none-eabi/lib/thumb/v6-m\libc_nano.a(lib_a-strlen.o)
 .ARM.attributes
                0x000007c4       0x2c c:/program files (x86)/atmel/studio/7.0/toolchain/arm/arm-gnu-toolchain/bin/../lib/gcc/arm-none-eabi/6.3.1/../../../../arm-none-eabi/lib/thumb/v6-m\libc_nano.a(lib_a-findfp.o)
 .ARM.attributes
                0x000007f0       0x2c c:/program files (x86)/atmel/studio/7.0/toolchain/arm/arm-gnu-toolchain/bin/../lib/gcc/arm-none-eabi/6.3.1/../../../../arm-none-eabi/lib/thumb/v6-m\libc_nano.a(lib_a-mlock.o)
 .ARM.attributes
                0x0000081c       0x2c c:/program files (x86)/atmel/studio/7.0/toolchain/arm/arm-gnu-toolchain/bin/../lib/gcc/arm-none-eabi/6.3.1/../../../../arm-none-eabi/lib/thumb/v6-m\libc_nano.a(lib_a-nano-svfprintf.o)
 .ARM.attributes
                0x00000848       0x2c c:/program files (x86)/atmel/studio/7.0/toolchain/arm/arm-gnu-toolchain/bin/../lib/gcc/arm-none-eabi/6.3.1/../../../../arm-none-eabi/lib/thumb/v6-m\libc_nano.a(lib_a-nano-vfprintf_i.o)
 .ARM.attributes
                0x00000874       0x2c c:/program files (x86)/atmel/studio/7.0/toolchain/arm/arm-gnu-toolchain/bin/../lib/gcc/arm-none-eabi/6.3.1/../../../../arm-none-eabi/lib/thumb/v6-m\libc_nano.a(lib_a-reent.o)
 .ARM.attributes
                0x000008a0       0x2c c:/program files (x86)/atmel/studio/7.0/toolchain/arm/arm-gnu-toolchain/bin/../lib/gcc/arm-none-eabi/6.3.1/../../../../arm-none-eabi/lib/thumb/v6-m\libc_nano.a(lib_a-memchr-stub.o)
 .ARM.attributes
                0x000008cc       0x2c c:/program files (x86)/atmel/studio/7.0/toolchain/arm/arm-gnu-toolchain/bin/../lib/gcc/arm-none-eabi/6.3.1/../../../../arm-none-eabi/lib/thumb/v6-m\libc_nano.a(lib_a-memmove.o)
 .ARM.attributes
                0x000008f8       0x2c c:/program files (x86)/atmel/studio/7.0/toolchain/arm/arm-gnu-toolchain/bin/../lib/gcc/arm-none-eabi/6.3.1/../../../../arm-none-eabi/lib/thumb/v6-m\libc_nano.a(lib_a-nano-reallocr.o)
 .ARM.attributes
                0x00000924       0x2c c:/program files (x86)/atmel/studio/7.0/toolchain/arm/arm-gnu-toolchain/bin/../lib/gcc/arm-none-eabi/6.3.1/../../../../arm-none-eabi/lib/thumb/v6-m\libc_nano.a(lib_a-nano-msizer.o)
 .ARM.attributes
                0x00000950       0x1e c:/program files (x86)/atmel/studio/7.0/toolchain/arm/arm-gnu-toolchain/bin/../lib/gcc/arm-none-eabi/6.3.1/thumb/v6-m/crtn.o

.comment        0x00000000       0x59
 .comment       0x00000000       0x59 atmel_start.o
                                 0x5a (size before relaxing)
 .comment       0x00000059       0x5a BME280/BME280.o
 .comment       0x00000059       0x5a Device_Startup/startup_samd20.o
 .comment       0x00000059       0x5a driver_init.o
 .comment       0x00000059       0x5a hal/src/hal_delay.o
 .comment       0x00000059       0x5a hal/src/hal_i2c_m_sync.o
 .comment       0x00000059       0x5a hal/src/hal_io.o
 .comment       0x00000059       0x5a hal/src/hal_usart_sync.o
 .comment       0x00000059       0x5a hal/utils/src/utils_assert.o
 .comment       0x00000059       0x5a hal/utils/src/utils_syscalls.o
 .comment       0x00000059       0x5a hpl/core/hpl_core_m0plus_base.o
 .comment       0x00000059       0x5a hpl/core/hpl_init.o
 .comment       0x00000059       0x5a hpl/gclk/hpl_gclk.o
 .comment       0x00000059       0x5a hpl/pm/hpl_pm.o
 .comment       0x00000059       0x5a hpl/sercom/hpl_sercom.o
 .comment       0x00000059       0x5a hpl/sysctrl/hpl_sysctrl.o
 .comment       0x00000059       0x5a hpl/systick/hpl_systick.o
 .comment       0x00000059       0x5a main.o

.debug_info     0x00000000    0x1432a
 .debug_info    0x00000000      0x2f8 atmel_start.o
 .debug_info    0x000002f8     0x175f BME280/BME280.o
 .debug_info    0x00001a57      0x9c7 Device_Startup/startup_samd20.o
 .debug_info    0x0000241e     0x452a driver_init.o
 .debug_info    0x00006948      0x1c4 hal/src/hal_delay.o
 .debug_info    0x00006b0c      0x776 hal/src/hal_i2c_m_sync.o
 .debug_info    0x00007282      0x255 hal/src/hal_io.o
 .debug_info    0x000074d7      0x9b5 hal/src/hal_usart_sync.o
 .debug_info    0x00007e8c      0x10b hal/utils/src/utils_assert.o
 .debug_info    0x00007f97      0xdbf hal/utils/src/utils_syscalls.o
 .debug_info    0x00008d56      0x7ba hpl/core/hpl_core_m0plus_base.o
 .debug_info    0x00009510      0x665 hpl/core/hpl_init.o
 .debug_info    0x00009b75      0x480 hpl/gclk/hpl_gclk.o
 .debug_info    0x00009ff5      0xbd7 hpl/pm/hpl_pm.o
 .debug_info    0x0000abcc     0x743a hpl/sercom/hpl_sercom.o
 .debug_info    0x00012006     0x1083 hpl/sysctrl/hpl_sysctrl.o
 .debug_info    0x00013089      0x258 hpl/systick/hpl_systick.o
 .debug_info    0x000132e1     0x1049 main.o

.debug_abbrev   0x00000000     0x20c9
 .debug_abbrev  0x00000000       0xe1 atmel_start.o
 .debug_abbrev  0x000000e1      0x2df BME280/BME280.o
 .debug_abbrev  0x000003c0      0x1d7 Device_Startup/startup_samd20.o
 .debug_abbrev  0x00000597      0x2dc driver_init.o
 .debug_abbrev  0x00000873       0xca hal/src/hal_delay.o
 .debug_abbrev  0x0000093d      0x153 hal/src/hal_i2c_m_sync.o
 .debug_abbrev  0x00000a90       0xfe hal/src/hal_io.o
 .debug_abbrev  0x00000b8e      0x1fe hal/src/hal_usart_sync.o
 .debug_abbrev  0x00000d8c       0x86 hal/utils/src/utils_assert.o
 .debug_abbrev  0x00000e12      0x230 hal/utils/src/utils_syscalls.o
 .debug_abbrev  0x00001042      0x277 hpl/core/hpl_core_m0plus_base.o
 .debug_abbrev  0x000012b9      0x1a6 hpl/core/hpl_init.o
 .debug_abbrev  0x0000145f      0x192 hpl/gclk/hpl_gclk.o
 .debug_abbrev  0x000015f1      0x21c hpl/pm/hpl_pm.o
 .debug_abbrev  0x0000180d      0x3bf hpl/sercom/hpl_sercom.o
 .debug_abbrev  0x00001bcc      0x1cd hpl/sysctrl/hpl_sysctrl.o
 .debug_abbrev  0x00001d99      0x12e hpl/systick/hpl_systick.o
 .debug_abbrev  0x00001ec7      0x202 main.o

.debug_loc      0x00000000     0x5bde
 .debug_loc     0x00000000       0x2c atmel_start.o
 .debug_loc     0x0000002c      0x3ba BME280/BME280.o
 .debug_loc     0x000003e6       0x64 Device_Startup/startup_samd20.o
 .debug_loc     0x0000044a      0x694 driver_init.o
 .debug_loc     0x00000ade       0xd4 hal/src/hal_delay.o
 .debug_loc     0x00000bb2      0x304 hal/src/hal_i2c_m_sync.o
 .debug_loc     0x00000eb6       0x9c hal/src/hal_io.o
 .debug_loc     0x00000f52      0x3e4 hal/src/hal_usart_sync.o
 .debug_loc     0x00001336       0x38 hal/utils/src/utils_assert.o
 .debug_loc     0x0000136e      0x1ec hal/utils/src/utils_syscalls.o
 .debug_loc     0x0000155a      0x3c0 hpl/core/hpl_core_m0plus_base.o
 .debug_loc     0x0000191a       0x64 hpl/core/hpl_init.o
 .debug_loc     0x0000197e      0x10c hpl/gclk/hpl_gclk.o
 .debug_loc     0x00001a8a      0x1a8 hpl/pm/hpl_pm.o
 .debug_loc     0x00001c32     0x3bba hpl/sercom/hpl_sercom.o
 .debug_loc     0x000057ec      0x268 hpl/sysctrl/hpl_sysctrl.o
 .debug_loc     0x00005a54      0x150 hpl/systick/hpl_systick.o
 .debug_loc     0x00005ba4       0x3a main.o

.debug_aranges  0x00000000      0xef8
 .debug_aranges
                0x00000000       0x20 atmel_start.o
 .debug_aranges
                0x00000020       0xa0 BME280/BME280.o
 .debug_aranges
                0x000000c0       0x28 Device_Startup/startup_samd20.o
 .debug_aranges
                0x000000e8      0x118 driver_init.o
 .debug_aranges
                0x00000200       0x38 hal/src/hal_delay.o
 .debug_aranges
                0x00000238       0x88 hal/src/hal_i2c_m_sync.o
 .debug_aranges
                0x000002c0       0x30 hal/src/hal_io.o
 .debug_aranges
                0x000002f0       0xa8 hal/src/hal_usart_sync.o
 .debug_aranges
                0x00000398       0x20 hal/utils/src/utils_assert.o
 .debug_aranges
                0x000003b8       0x60 hal/utils/src/utils_syscalls.o
 .debug_aranges
                0x00000418       0xa8 hpl/core/hpl_core_m0plus_base.o
 .debug_aranges
                0x000004c0       0x28 hpl/core/hpl_init.o
 .debug_aranges
                0x000004e8       0x40 hpl/gclk/hpl_gclk.o
 .debug_aranges
                0x00000528       0x58 hpl/pm/hpl_pm.o
 .debug_aranges
                0x00000580      0x8a0 hpl/sercom/hpl_sercom.o
 .debug_aranges
                0x00000e20       0x70 hpl/sysctrl/hpl_sysctrl.o
 .debug_aranges
                0x00000e90       0x48 hpl/systick/hpl_systick.o
 .debug_aranges
                0x00000ed8       0x20 main.o

.debug_ranges   0x00000000      0xdd8
 .debug_ranges  0x00000000       0x10 atmel_start.o
 .debug_ranges  0x00000010       0x90 BME280/BME280.o
 .debug_ranges  0x000000a0       0x18 Device_Startup/startup_samd20.o
 .debug_ranges  0x000000b8      0x108 driver_init.o
 .debug_ranges  0x000001c0       0x28 hal/src/hal_delay.o
 .debug_ranges  0x000001e8       0x78 hal/src/hal_i2c_m_sync.o
 .debug_ranges  0x00000260       0x20 hal/src/hal_io.o
 .debug_ranges  0x00000280       0x98 hal/src/hal_usart_sync.o
 .debug_ranges  0x00000318       0x10 hal/utils/src/utils_assert.o
 .debug_ranges  0x00000328       0x50 hal/utils/src/utils_syscalls.o
 .debug_ranges  0x00000378       0x98 hpl/core/hpl_core_m0plus_base.o
 .debug_ranges  0x00000410       0x18 hpl/core/hpl_init.o
 .debug_ranges  0x00000428       0x30 hpl/gclk/hpl_gclk.o
 .debug_ranges  0x00000458       0x48 hpl/pm/hpl_pm.o
 .debug_ranges  0x000004a0      0x890 hpl/sercom/hpl_sercom.o
 .debug_ranges  0x00000d30       0x60 hpl/sysctrl/hpl_sysctrl.o
 .debug_ranges  0x00000d90       0x38 hpl/systick/hpl_systick.o
 .debug_ranges  0x00000dc8       0x10 main.o

.debug_macro    0x00000000    0x110a5
 .debug_macro   0x00000000      0x45d atmel_start.o
 .debug_macro   0x0000045d      0x89e atmel_start.o
 .debug_macro   0x00000cfb      0x16d atmel_start.o
 .debug_macro   0x00000e68       0x22 atmel_start.o
 .debug_macro   0x00000e8a       0x87 atmel_start.o
 .debug_macro   0x00000f11       0x51 atmel_start.o
 .debug_macro   0x00000f62       0xef atmel_start.o
 .debug_macro   0x00001051       0x6a atmel_start.o
 .debug_macro   0x000010bb      0x1df atmel_start.o
 .debug_macro   0x0000129a       0x22 atmel_start.o
 .debug_macro   0x000012bc       0x3f atmel_start.o
 .debug_macro   0x000012fb       0x1c atmel_start.o
 .debug_macro   0x00001317       0x22 atmel_start.o
 .debug_macro   0x00001339       0xb5 atmel_start.o
 .debug_macro   0x000013ee      0x3ad atmel_start.o
 .debug_macro   0x0000179b      0x67e atmel_start.o
 .debug_macro   0x00001e19      0x8b1 atmel_start.o
 .debug_macro   0x000026ca      0x222 atmel_start.o
 .debug_macro   0x000028ec      0x5e7 atmel_start.o
 .debug_macro   0x00002ed3      0x9f6 atmel_start.o
 .debug_macro   0x000038c9      0x5b5 atmel_start.o
 .debug_macro   0x00003e7e      0x4a5 atmel_start.o
 .debug_macro   0x00004323      0x6e8 atmel_start.o
 .debug_macro   0x00004a0b       0x5e atmel_start.o
 .debug_macro   0x00004a69      0x5de atmel_start.o
 .debug_macro   0x00005047      0x3ac atmel_start.o
 .debug_macro   0x000053f3      0xc76 atmel_start.o
 .debug_macro   0x00006069      0xd23 atmel_start.o
 .debug_macro   0x00006d8c      0x7ac atmel_start.o
 .debug_macro   0x00007538      0x6ba atmel_start.o
 .debug_macro   0x00007bf2      0x340 atmel_start.o
 .debug_macro   0x00007f32       0x7c atmel_start.o
 .debug_macro   0x00007fae       0x9a atmel_start.o
 .debug_macro   0x00008048       0x46 atmel_start.o
 .debug_macro   0x0000808e       0xb2 atmel_start.o
 .debug_macro   0x00008140       0x6a atmel_start.o
 .debug_macro   0x000081aa      0x261 atmel_start.o
 .debug_macro   0x0000840b       0x7c atmel_start.o
 .debug_macro   0x00008487       0xb2 atmel_start.o
 .debug_macro   0x00008539       0x1c atmel_start.o
 .debug_macro   0x00008555       0x1c atmel_start.o
 .debug_macro   0x00008571       0x1c atmel_start.o
 .debug_macro   0x0000858d       0x82 atmel_start.o
 .debug_macro   0x0000860f      0x15a atmel_start.o
 .debug_macro   0x00008769       0x10 atmel_start.o
 .debug_macro   0x00008779       0xdc atmel_start.o
 .debug_macro   0x00008855      0x100 atmel_start.o
 .debug_macro   0x00008955      0x100 atmel_start.o
 .debug_macro   0x00008a55      0x100 atmel_start.o
 .debug_macro   0x00008b55      0x100 atmel_start.o
 .debug_macro   0x00008c55      0x100 atmel_start.o
 .debug_macro   0x00008d55      0x100 atmel_start.o
 .debug_macro   0x00008e55       0xfa atmel_start.o
 .debug_macro   0x00008f4f       0xbe atmel_start.o
 .debug_macro   0x0000900d       0xbe atmel_start.o
 .debug_macro   0x000090cb       0xbe atmel_start.o
 .debug_macro   0x00009189       0xbe atmel_start.o
 .debug_macro   0x00009247       0xbe atmel_start.o
 .debug_macro   0x00009305       0xbe atmel_start.o
 .debug_macro   0x000093c3       0x40 atmel_start.o
 .debug_macro   0x00009403      0x2dc atmel_start.o
 .debug_macro   0x000096df     0x1443 atmel_start.o
 .debug_macro   0x0000ab22       0x66 atmel_start.o
 .debug_macro   0x0000ab88       0x10 atmel_start.o
 .debug_macro   0x0000ab98       0x10 atmel_start.o
 .debug_macro   0x0000aba8       0x16 atmel_start.o
 .debug_macro   0x0000abbe       0x16 atmel_start.o
 .debug_macro   0x0000abd4       0x16 atmel_start.o
 .debug_macro   0x0000abea       0x16 atmel_start.o
 .debug_macro   0x0000ac00       0x16 atmel_start.o
 .debug_macro   0x0000ac16       0x16 atmel_start.o
 .debug_macro   0x0000ac2c       0x16 atmel_start.o
 .debug_macro   0x0000ac42       0x16 atmel_start.o
 .debug_macro   0x0000ac58       0x16 atmel_start.o
 .debug_macro   0x0000ac6e       0x16 atmel_start.o
 .debug_macro   0x0000ac84      0x4c3 atmel_start.o
 .debug_macro   0x0000b147       0x16 atmel_start.o
 .debug_macro   0x0000b15d       0x16 atmel_start.o
 .debug_macro   0x0000b173       0x6a atmel_start.o
 .debug_macro   0x0000b1dd       0x16 atmel_start.o
 .debug_macro   0x0000b1f3       0xca atmel_start.o
 .debug_macro   0x0000b2bd       0x1c atmel_start.o
 .debug_macro   0x0000b2d9       0x16 atmel_start.o
 .debug_macro   0x0000b2ef       0x52 atmel_start.o
 .debug_macro   0x0000b341       0x70 atmel_start.o
 .debug_macro   0x0000b3b1      0x59b BME280/BME280.o
 .debug_macro   0x0000b94c       0x52 BME280/BME280.o
 .debug_macro   0x0000b99e       0x8d BME280/BME280.o
 .debug_macro   0x0000ba2b       0x35 BME280/BME280.o
 .debug_macro   0x0000ba60       0x9c BME280/BME280.o
 .debug_macro   0x0000bafc       0x16 BME280/BME280.o
 .debug_macro   0x0000bb12      0x10e BME280/BME280.o
 .debug_macro   0x0000bc20       0x86 BME280/BME280.o
 .debug_macro   0x0000bca6       0x57 BME280/BME280.o
 .debug_macro   0x0000bcfd       0x58 BME280/BME280.o
 .debug_macro   0x0000bd55       0x1f BME280/BME280.o
 .debug_macro   0x0000bd74       0x43 BME280/BME280.o
 .debug_macro   0x0000bdb7       0x20 BME280/BME280.o
 .debug_macro   0x0000bdd7      0x187 BME280/BME280.o
 .debug_macro   0x0000bf5e      0x353 BME280/BME280.o
 .debug_macro   0x0000c2b1       0x10 BME280/BME280.o
 .debug_macro   0x0000c2c1       0x29 BME280/BME280.o
 .debug_macro   0x0000c2ea       0xaf BME280/BME280.o
 .debug_macro   0x0000c399       0xc9 BME280/BME280.o
 .debug_macro   0x0000c462      0x130 BME280/BME280.o
 .debug_macro   0x0000c592      0x28e Device_Startup/startup_samd20.o
 .debug_macro   0x0000c820       0x39 Device_Startup/startup_samd20.o
 .debug_macro   0x0000c859      0x479 driver_init.o
 .debug_macro   0x0000ccd2       0x42 driver_init.o
 .debug_macro   0x0000cd14      0x3b8 hal/src/hal_delay.o
 .debug_macro   0x0000d0cc      0x3c1 hal/src/hal_i2c_m_sync.o
 .debug_macro   0x0000d48d       0x6a hal/src/hal_i2c_m_sync.o
 .debug_macro   0x0000d4f7      0x399 hal/src/hal_io.o
 .debug_macro   0x0000d890      0x3c0 hal/src/hal_usart_sync.o
 .debug_macro   0x0000dc50      0x38f hal/utils/src/utils_assert.o
 .debug_macro   0x0000dfdf       0x10 hal/utils/src/utils_assert.o
 .debug_macro   0x0000dfef      0x1d6 hal/utils/src/utils_syscalls.o
 .debug_macro   0x0000e1c5       0x16 hal/utils/src/utils_syscalls.o
 .debug_macro   0x0000e1db       0x97 hal/utils/src/utils_syscalls.o
 .debug_macro   0x0000e272       0xf6 hal/utils/src/utils_syscalls.o
 .debug_macro   0x0000e368       0x10 hal/utils/src/utils_syscalls.o
 .debug_macro   0x0000e378       0x10 hal/utils/src/utils_syscalls.o
 .debug_macro   0x0000e388       0x1c hal/utils/src/utils_syscalls.o
 .debug_macro   0x0000e3a4       0x52 hal/utils/src/utils_syscalls.o
 .debug_macro   0x0000e3f6       0x40 hal/utils/src/utils_syscalls.o
 .debug_macro   0x0000e436       0x10 hal/utils/src/utils_syscalls.o
 .debug_macro   0x0000e446       0x40 hal/utils/src/utils_syscalls.o
 .debug_macro   0x0000e486       0xd7 hal/utils/src/utils_syscalls.o
 .debug_macro   0x0000e55d       0x16 hal/utils/src/utils_syscalls.o
 .debug_macro   0x0000e573      0x18b hal/utils/src/utils_syscalls.o
 .debug_macro   0x0000e6fe       0x4c hal/utils/src/utils_syscalls.o
 .debug_macro   0x0000e74a       0x16 hal/utils/src/utils_syscalls.o
 .debug_macro   0x0000e760       0x10 hal/utils/src/utils_syscalls.o
 .debug_macro   0x0000e770       0x10 hal/utils/src/utils_syscalls.o
 .debug_macro   0x0000e780       0x35 hal/utils/src/utils_syscalls.o
 .debug_macro   0x0000e7b5      0x122 hal/utils/src/utils_syscalls.o
 .debug_macro   0x0000e8d7      0x3dd hpl/core/hpl_core_m0plus_base.o
 .debug_macro   0x0000ecb4      0x3d9 hpl/core/hpl_init.o
 .debug_macro   0x0000f08d       0x2e hpl/core/hpl_init.o
 .debug_macro   0x0000f0bb      0x39c hpl/gclk/hpl_gclk.o
 .debug_macro   0x0000f457      0x1f3 hpl/gclk/hpl_gclk.o
 .debug_macro   0x0000f64a      0x3c5 hpl/pm/hpl_pm.o
 .debug_macro   0x0000fa0f      0x58e hpl/sercom/hpl_sercom.o
 .debug_macro   0x0000ff9d       0x10 hpl/sercom/hpl_sercom.o
 .debug_macro   0x0000ffad       0x1c hpl/sercom/hpl_sercom.o
 .debug_macro   0x0000ffc9       0x22 hpl/sercom/hpl_sercom.o
 .debug_macro   0x0000ffeb       0x10 hpl/sercom/hpl_sercom.o
 .debug_macro   0x0000fffb       0xd8 hpl/sercom/hpl_sercom.o
 .debug_macro   0x000100d3      0x39c hpl/sysctrl/hpl_sysctrl.o
 .debug_macro   0x0001046f      0x29a hpl/sysctrl/hpl_sysctrl.o
 .debug_macro   0x00010709      0x393 hpl/systick/hpl_systick.o
 .debug_macro   0x00010a9c       0x10 hpl/systick/hpl_systick.o
 .debug_macro   0x00010aac      0x5e3 main.o
 .debug_macro   0x0001108f       0x16 main.o

.debug_line     0x00000000     0xc6b2
 .debug_line    0x00000000      0x996 atmel_start.o
 .debug_line    0x00000996      0xc23 BME280/BME280.o
 .debug_line    0x000015b9      0x685 Device_Startup/startup_samd20.o
 .debug_line    0x00001c3e      0xcbe driver_init.o
 .debug_line    0x000028fc      0x8bc hal/src/hal_delay.o
 .debug_line    0x000031b8      0x9c6 hal/src/hal_i2c_m_sync.o
 .debug_line    0x00003b7e      0x8b9 hal/src/hal_io.o
 .debug_line    0x00004437      0xabd hal/src/hal_usart_sync.o
 .debug_line    0x00004ef4      0x85a hal/utils/src/utils_assert.o
 .debug_line    0x0000574e      0x416 hal/utils/src/utils_syscalls.o
 .debug_line    0x00005b64      0xa8d hpl/core/hpl_core_m0plus_base.o
 .debug_line    0x000065f1      0x8fa hpl/core/hpl_init.o
 .debug_line    0x00006eeb      0x8d9 hpl/gclk/hpl_gclk.o
 .debug_line    0x000077c4      0x93f hpl/pm/hpl_pm.o
 .debug_line    0x00008103     0x27e4 hpl/sercom/hpl_sercom.o
 .debug_line    0x0000a8e7      0x960 hpl/sysctrl/hpl_sysctrl.o
 .debug_line    0x0000b247      0x8ed hpl/systick/hpl_systick.o
 .debug_line    0x0000bb34      0xb7e main.o

.debug_str      0x00000000    0x54146
 .debug_str     0x00000000    0x46db8 atmel_start.o
                              0x47218 (size before relaxing)
 .debug_str     0x00046db8     0x3d5b BME280/BME280.o
                              0x4b004 (size before relaxing)
 .debug_str     0x0004ab13      0x4e8 Device_Startup/startup_samd20.o
                              0x43255 (size before relaxing)
 .debug_str     0x0004affb     0x11f1 driver_init.o
                              0x48abf (size before relaxing)
 .debug_str     0x0004c1ec       0xad hal/src/hal_delay.o
                              0x46cc4 (size before relaxing)
 .debug_str     0x0004c299      0x130 hal/src/hal_i2c_m_sync.o
                              0x4755d (size before relaxing)
 .debug_str     0x0004c3c9       0x2c hal/src/hal_io.o
                              0x46d07 (size before relaxing)
 .debug_str     0x0004c3f5      0x49e hal/src/hal_usart_sync.o
                              0x477a7 (size before relaxing)
 .debug_str     0x0004c893       0x2a hal/utils/src/utils_assert.o
                              0x46c6a (size before relaxing)
 .debug_str     0x0004c8bd     0x18ee hal/utils/src/utils_syscalls.o
                               0x7300 (size before relaxing)
 .debug_str     0x0004e1ab      0x2fa hpl/core/hpl_core_m0plus_base.o
                              0x476d0 (size before relaxing)
 .debug_str     0x0004e4a5      0x1df hpl/core/hpl_init.o
                              0x47239 (size before relaxing)
 .debug_str     0x0004e684      0x81a hpl/gclk/hpl_gclk.o
                              0x47552 (size before relaxing)
 .debug_str     0x0004ee9e      0x194 hpl/pm/hpl_pm.o
                              0x473a2 (size before relaxing)
 .debug_str     0x0004f032     0x3f5f hpl/sercom/hpl_sercom.o
                              0x4c0df (size before relaxing)
 .debug_str     0x00052f91     0x1058 hpl/sysctrl/hpl_sysctrl.o
                              0x47d9a (size before relaxing)
 .debug_str     0x00053fe9       0xcd hpl/systick/hpl_systick.o
                              0x46cb2 (size before relaxing)
 .debug_str     0x000540b6       0x90 main.o
                              0x4b71f (size before relaxing)

.debug_frame    0x00000000     0x3cfc
 .debug_frame   0x00000000       0x2c atmel_start.o
 .debug_frame   0x0000002c      0x23c BME280/BME280.o
 .debug_frame   0x00000268       0x4c Device_Startup/startup_samd20.o
 .debug_frame   0x000002b4      0x3f4 driver_init.o
 .debug_frame   0x000006a8       0x8c hal/src/hal_delay.o
 .debug_frame   0x00000734      0x1cc hal/src/hal_i2c_m_sync.o
 .debug_frame   0x00000900       0x6c hal/src/hal_io.o
 .debug_frame   0x0000096c      0x24c hal/src/hal_usart_sync.o
 .debug_frame   0x00000bb8       0x30 hal/utils/src/utils_assert.o
 .debug_frame   0x00000be8      0x12c hal/utils/src/utils_syscalls.o
 .debug_frame   0x00000d14      0x240 hpl/core/hpl_core_m0plus_base.o
 .debug_frame   0x00000f54       0x4c hpl/core/hpl_init.o
 .debug_frame   0x00000fa0       0xac hpl/gclk/hpl_gclk.o
 .debug_frame   0x0000104c      0x108 hpl/pm/hpl_pm.o
 .debug_frame   0x00001154     0x223c hpl/sercom/hpl_sercom.o
 .debug_frame   0x00003390      0x170 hpl/sysctrl/hpl_sysctrl.o
 .debug_frame   0x00003500       0xd0 hpl/systick/hpl_systick.o
 .debug_frame   0x000035d0       0x30 main.o
 .debug_frame   0x00003600       0x20 c:/program files (x86)/atmel/studio/7.0/toolchain/arm/arm-gnu-toolchain/bin/../lib/gcc/arm-none-eabi/6.3.1/thumb/v6-m\libgcc.a(_udivsi3.o)
 .debug_frame   0x00003620       0x20 c:/program files (x86)/atmel/studio/7.0/toolchain/arm/arm-gnu-toolchain/bin/../lib/gcc/arm-none-eabi/6.3.1/thumb/v6-m\libgcc.a(_divsi3.o)
 .debug_frame   0x00003640       0x3c c:/program files (x86)/atmel/studio/7.0/toolchain/arm/arm-gnu-toolchain/bin/../lib/gcc/arm-none-eabi/6.3.1/thumb/v6-m\libgcc.a(adddf3.o)
 .debug_frame   0x0000367c       0x3c c:/program files (x86)/atmel/studio/7.0/toolchain/arm/arm-gnu-toolchain/bin/../lib/gcc/arm-none-eabi/6.3.1/thumb/v6-m\libgcc.a(divdf3.o)
 .debug_frame   0x000036b8       0x38 c:/program files (x86)/atmel/studio/7.0/toolchain/arm/arm-gnu-toolchain/bin/../lib/gcc/arm-none-eabi/6.3.1/thumb/v6-m\libgcc.a(eqdf2.o)
 .debug_frame   0x000036f0       0x38 c:/program files (x86)/atmel/studio/7.0/toolchain/arm/arm-gnu-toolchain/bin/../lib/gcc/arm-none-eabi/6.3.1/thumb/v6-m\libgcc.a(gedf2.o)
 .debug_frame   0x00003728       0x38 c:/program files (x86)/atmel/studio/7.0/toolchain/arm/arm-gnu-toolchain/bin/../lib/gcc/arm-none-eabi/6.3.1/thumb/v6-m\libgcc.a(ledf2.o)
 .debug_frame   0x00003760       0x3c c:/program files (x86)/atmel/studio/7.0/toolchain/arm/arm-gnu-toolchain/bin/../lib/gcc/arm-none-eabi/6.3.1/thumb/v6-m\libgcc.a(muldf3.o)
 .debug_frame   0x0000379c       0x38 c:/program files (x86)/atmel/studio/7.0/toolchain/arm/arm-gnu-toolchain/bin/../lib/gcc/arm-none-eabi/6.3.1/thumb/v6-m\libgcc.a(subdf3.o)
 .debug_frame   0x000037d4       0x2c c:/program files (x86)/atmel/studio/7.0/toolchain/arm/arm-gnu-toolchain/bin/../lib/gcc/arm-none-eabi/6.3.1/thumb/v6-m\libgcc.a(fixdfsi.o)
 .debug_frame   0x00003800       0x2c c:/program files (x86)/atmel/studio/7.0/toolchain/arm/arm-gnu-toolchain/bin/../lib/gcc/arm-none-eabi/6.3.1/thumb/v6-m\libgcc.a(floatsidf.o)
 .debug_frame   0x0000382c       0x28 c:/program files (x86)/atmel/studio/7.0/toolchain/arm/arm-gnu-toolchain/bin/../lib/gcc/arm-none-eabi/6.3.1/thumb/v6-m\libgcc.a(floatunsidf.o)
 .debug_frame   0x00003854       0x2c c:/program files (x86)/atmel/studio/7.0/toolchain/arm/arm-gnu-toolchain/bin/../lib/gcc/arm-none-eabi/6.3.1/../../../../arm-none-eabi/lib/thumb/v6-m\libc_nano.a(lib_a-init.o)
 .debug_frame   0x00003880       0x40 c:/program files (x86)/atmel/studio/7.0/toolchain/arm/arm-gnu-toolchain/bin/../lib/gcc/arm-none-eabi/6.3.1/../../../../arm-none-eabi/lib/thumb/v6-m\libc_nano.a(lib_a-malloc.o)
 .debug_frame   0x000038c0       0x28 c:/program files (x86)/atmel/studio/7.0/toolchain/arm/arm-gnu-toolchain/bin/../lib/gcc/arm-none-eabi/6.3.1/../../../../arm-none-eabi/lib/thumb/v6-m\libc_nano.a(lib_a-memcpy-stub.o)
 .debug_frame   0x000038e8       0x2c c:/program files (x86)/atmel/studio/7.0/toolchain/arm/arm-gnu-toolchain/bin/../lib/gcc/arm-none-eabi/6.3.1/../../../../arm-none-eabi/lib/thumb/v6-m\libc_nano.a(lib_a-nano-freer.o)
 .debug_frame   0x00003914       0x2c c:/program files (x86)/atmel/studio/7.0/toolchain/arm/arm-gnu-toolchain/bin/../lib/gcc/arm-none-eabi/6.3.1/../../../../arm-none-eabi/lib/thumb/v6-m\libc_nano.a(lib_a-nano-mallocr.o)
 .debug_frame   0x00003940       0x2c c:/program files (x86)/atmel/studio/7.0/toolchain/arm/arm-gnu-toolchain/bin/../lib/gcc/arm-none-eabi/6.3.1/../../../../arm-none-eabi/lib/thumb/v6-m\libc_nano.a(lib_a-sbrkr.o)
 .debug_frame   0x0000396c       0x50 c:/program files (x86)/atmel/studio/7.0/toolchain/arm/arm-gnu-toolchain/bin/../lib/gcc/arm-none-eabi/6.3.1/../../../../arm-none-eabi/lib/thumb/v6-m\libc_nano.a(lib_a-sprintf.o)
 .debug_frame   0x000039bc       0x28 c:/program files (x86)/atmel/studio/7.0/toolchain/arm/arm-gnu-toolchain/bin/../lib/gcc/arm-none-eabi/6.3.1/../../../../arm-none-eabi/lib/thumb/v6-m\libc_nano.a(lib_a-strcat.o)
 .debug_frame   0x000039e4      0x140 c:/program files (x86)/atmel/studio/7.0/toolchain/arm/arm-gnu-toolchain/bin/../lib/gcc/arm-none-eabi/6.3.1/../../../../arm-none-eabi/lib/thumb/v6-m\libc_nano.a(lib_a-findfp.o)
 .debug_frame   0x00003b24       0x30 c:/program files (x86)/atmel/studio/7.0/toolchain/arm/arm-gnu-toolchain/bin/../lib/gcc/arm-none-eabi/6.3.1/../../../../arm-none-eabi/lib/thumb/v6-m\libc_nano.a(lib_a-mlock.o)
 .debug_frame   0x00003b54       0x74 c:/program files (x86)/atmel/studio/7.0/toolchain/arm/arm-gnu-toolchain/bin/../lib/gcc/arm-none-eabi/6.3.1/../../../../arm-none-eabi/lib/thumb/v6-m\libc_nano.a(lib_a-nano-svfprintf.o)
 .debug_frame   0x00003bc8       0x54 c:/program files (x86)/atmel/studio/7.0/toolchain/arm/arm-gnu-toolchain/bin/../lib/gcc/arm-none-eabi/6.3.1/../../../../arm-none-eabi/lib/thumb/v6-m\libc_nano.a(lib_a-nano-vfprintf_i.o)
 .debug_frame   0x00003c1c       0x48 c:/program files (x86)/atmel/studio/7.0/toolchain/arm/arm-gnu-toolchain/bin/../lib/gcc/arm-none-eabi/6.3.1/../../../../arm-none-eabi/lib/thumb/v6-m\libc_nano.a(lib_a-reent.o)
 .debug_frame   0x00003c64       0x20 c:/program files (x86)/atmel/studio/7.0/toolchain/arm/arm-gnu-toolchain/bin/../lib/gcc/arm-none-eabi/6.3.1/../../../../arm-none-eabi/lib/thumb/v6-m\libc_nano.a(lib_a-memchr-stub.o)
 .debug_frame   0x00003c84       0x28 c:/program files (x86)/atmel/studio/7.0/toolchain/arm/arm-gnu-toolchain/bin/../lib/gcc/arm-none-eabi/6.3.1/../../../../arm-none-eabi/lib/thumb/v6-m\libc_nano.a(lib_a-memmove.o)
 .debug_frame   0x00003cac       0x30 c:/program files (x86)/atmel/studio/7.0/toolchain/arm/arm-gnu-toolchain/bin/../lib/gcc/arm-none-eabi/6.3.1/../../../../arm-none-eabi/lib/thumb/v6-m\libc_nano.a(lib_a-nano-reallocr.o)
 .debug_frame   0x00003cdc       0x20 c:/program files (x86)/atmel/studio/7.0/toolchain/arm/arm-gnu-toolchain/bin/../lib/gcc/arm-none-eabi/6.3.1/../../../../arm-none-eabi/lib/thumb/v6-m\libc_nano.a(lib_a-nano-msizer.o)
